MPLINK 5.08, LINKER
Linker Map File - Created Thu Sep 05 08:20:28 2024

                                 Section Info
                  Section       Type    Address   Location Size(Bytes)
                ---------  ---------  ---------  ---------  ---------
                   .org_0       code   0x000000    program   0x00005e
                   .cinit    romdata   0x00002f    program   0x000004
.config_2007_BUILD/DEFAULT/DEBUG/SECUENCIA6.O       code   0x002007    program   0x000002
.config_2008_BUILD/DEFAULT/DEBUG/SECUENCIA6.O       code   0x002008    program   0x000002



                              Program Memory Usage 
                               Start         End      
                           ---------   ---------      
                            0x000000    0x000030      
                            0x002007    0x002008      
            51 out of 8455 program addresses used, program memory utilization is 0%



                              Symbols - Sorted by Name
                     Name    Address   Location    Storage File                     
                ---------  ---------  ---------  --------- ---------                
                    ISEC6   0x000008    program     static C:\Users\usuario\Desktop\secuencia6.X\secuencia6.asm
                  PRIMERO   0x00002b    program     static C:\Users\usuario\Desktop\secuencia6.X\secuencia6.asm
                    REP_1   0x000024    program     static C:\Users\usuario\Desktop\secuencia6.X\secuencia6.asm
                    REP_2   0x000026    program     static C:\Users\usuario\Desktop\secuencia6.X\secuencia6.asm
                  RETARDO   0x000022    program     static C:\Users\usuario\Desktop\secuencia6.X\secuencia6.asm
               SECUENCIA6   0x000013    program     static C:\Users\usuario\Desktop\secuencia6.X\secuencia6.asm



                              Symbols - Sorted by Address
                     Name    Address   Location    Storage File                     
                ---------  ---------  ---------  --------- ---------                
                    ISEC6   0x000008    program     static C:\Users\usuario\Desktop\secuencia6.X\secuencia6.asm
               SECUENCIA6   0x000013    program     static C:\Users\usuario\Desktop\secuencia6.X\secuencia6.asm
                  RETARDO   0x000022    program     static C:\Users\usuario\Desktop\secuencia6.X\secuencia6.asm
                    REP_1   0x000024    program     static C:\Users\usuario\Desktop\secuencia6.X\secuencia6.asm
                    REP_2   0x000026    program     static C:\Users\usuario\Desktop\secuencia6.X\secuencia6.asm
                  PRIMERO   0x00002b    program     static C:\Users\usuario\Desktop\secuencia6.X\secuencia6.asm


